Java HotSpot(TM) 64-Bit Server VM (24.79-b02) for bsd-amd64 JRE (1.7.0_79-b15), built on Apr 10 2015 11:35:04 by "java_re" with gcc 4.2.1 (Based on Apple Inc. build 5658) (LLVM build 2336.11.00)
Memory: 4k page, physical 16777216k(4194304k free)

/proc/meminfo:

CommandLine flags: -XX:InitialHeapSize=268435456 -XX:MaxHeapSize=4294967296 -XX:+PrintGC -XX:+PrintGCDetails -XX:+PrintGCTimeStamps -XX:+UseCompressedOops -XX:+UseParallelGC 
1.035: [GC [PSYoungGen: 66048K->384K(76800K)] 66048K->392K(251392K), 0.0010790 secs] [Times: user=0.01 sys=0.00, real=0.00 secs] 
1.953: [GC [PSYoungGen: 66432K->432K(76800K)] 66440K->448K(251392K), 0.0016180 secs] [Times: user=0.00 sys=0.00, real=0.00 secs] 
2.736: [GC [PSYoungGen: 66480K->384K(76800K)] 66496K->400K(251392K), 0.0007970 secs] [Times: user=0.00 sys=0.00, real=0.00 secs] 
3.548: [GC [PSYoungGen: 66432K->384K(76800K)] 66448K->400K(251392K), 0.0008160 secs] [Times: user=0.01 sys=0.00, real=0.00 secs] 
4.419: [GC [PSYoungGen: 66432K->416K(75264K)] 66448K->432K(249856K), 0.0019290 secs] [Times: user=0.00 sys=0.00, real=0.00 secs] 
5.226: [GC [PSYoungGen: 64928K->336K(63488K)] 64944K->352K(238080K), 0.0008330 secs] [Times: user=0.00 sys=0.00, real=0.00 secs] 
6.022: [GC [PSYoungGen: 63312K->32K(61952K)] 63328K->300K(236544K), 0.0011880 secs] [Times: user=0.00 sys=0.00, real=0.01 secs] 
6.784: [GC [PSYoungGen: 61472K->32K(60928K)] 61740K->300K(235520K), 0.0003440 secs] [Times: user=0.00 sys=0.00, real=0.00 secs] 
7.515: [GC [PSYoungGen: 60448K->32K(60416K)] 60716K->300K(235008K), 0.0003630 secs] [Times: user=0.00 sys=0.00, real=0.00 secs] 
8.236: [GC [PSYoungGen: 59424K->32K(58880K)] 59692K->300K(233472K), 0.0004410 secs] [Times: user=0.01 sys=0.00, real=0.00 secs] 
8.953: [GC [PSYoungGen: 58400K->32K(58368K)] 58668K->300K(232960K), 0.0007870 secs] [Times: user=0.00 sys=0.00, real=0.00 secs] 
9.637: [GC [PSYoungGen: 57376K->32K(56832K)] 57644K->300K(231424K), 0.0005030 secs] [Times: user=0.00 sys=0.00, real=0.00 secs] 
10.319: [GC [PSYoungGen: 56352K->64K(56320K)] 56620K->332K(230912K), 0.0003400 secs] [Times: user=0.00 sys=0.00, real=0.00 secs] 
10.998: [GC [PSYoungGen: 55360K->64K(54784K)] 55628K->332K(229376K), 0.0003740 secs] [Times: user=0.00 sys=0.00, real=0.00 secs] 
Heap
 PSYoungGen      total 54784K, used 9863K [0x00000007aaa80000, 0x00000007af480000, 0x0000000800000000)
  eden space 54272K, 18% used [0x00000007aaa80000,0x00000007ab411c10,0x00000007adf80000)
  from space 512K, 12% used [0x00000007af400000,0x00000007af410000,0x00000007af480000)
  to   space 1024K, 0% used [0x00000007af280000,0x00000007af280000,0x00000007af380000)
 ParOldGen       total 174592K, used 268K [0x0000000700000000, 0x000000070aa80000, 0x00000007aaa80000)
  object space 174592K, 0% used [0x0000000700000000,0x0000000700043060,0x000000070aa80000)
 PSPermGen       total 21504K, used 2632K [0x00000006fae00000, 0x00000006fc300000, 0x0000000700000000)
  object space 21504K, 12% used [0x00000006fae00000,0x00000006fb092398,0x00000006fc300000)
